Traceback (most recent call last):
  File "/usr/local/lib/python3.9/site-packages/jupyter_cache/executors/utils.py", line 58, in single_nb_execution
    executenb(
  File "/usr/local/lib/python3.9/site-packages/nbclient/client.py", line 1112, in execute
    return NotebookClient(nb=nb, resources=resources, km=km, **kwargs).execute()
  File "/usr/local/lib/python3.9/site-packages/nbclient/util.py", line 74, in wrapped
    return just_run(coro(*args, **kwargs))
  File "/usr/local/lib/python3.9/site-packages/nbclient/util.py", line 53, in just_run
    return loop.run_until_complete(coro)
  File "/usr/local/Cellar/python@3.9/3.9.18_2/Frameworks/Python.framework/Versions/3.9/lib/python3.9/asyncio/base_events.py", line 647, in run_until_complete
    return future.result()
  File "/usr/local/lib/python3.9/site-packages/nbclient/client.py", line 553, in async_execute
    await self.async_execute_cell(
  File "/usr/local/lib/python3.9/site-packages/nbclient/client.py", line 857, in async_execute_cell
    self._check_raise_for_error(cell, exec_reply)
  File "/usr/local/lib/python3.9/site-packages/nbclient/client.py", line 760, in _check_raise_for_error
    raise CellExecutionError.from_cell_and_msg(cell, exec_reply_content)
nbclient.exceptions.CellExecutionError: An error occurred while executing the following cell:
------------------
karries_row = adult_pii[adult_pii['Name'] == 'Karrie Trusslove']
r = pd.merge(karries_row, adult_data, left_on=['DOB', 'Zip'], right_on=['DOB', 'Zip'])
r['Target']
------------------

[0;31m---------------------------------------------------------------------------[0m
[0;31mNameError[0m                                 Traceback (most recent call last)
[0;32m<ipython-input-4-292e9685f0df>[0m in [0;36m<module>[0;34m[0m
[1;32m      1[0m [0mkarries_row[0m [0;34m=[0m [0madult_pii[0m[0;34m[[0m[0madult_pii[0m[0;34m[[0m[0;34m'Name'[0m[0;34m][0m [0;34m==[0m [0;34m'Karrie Trusslove'[0m[0;34m][0m[0;34m[0m[0;34m[0m[0m
[0;32m----> 2[0;31m [0mr[0m [0;34m=[0m [0mpd[0m[0;34m.[0m[0mmerge[0m[0;34m([0m[0mkarries_row[0m[0;34m,[0m [0madult_data[0m[0;34m,[0m [0mleft_on[0m[0;34m=[0m[0;34m[[0m[0;34m'DOB'[0m[0;34m,[0m [0;34m'Zip'[0m[0;34m][0m[0;34m,[0m [0mright_on[0m[0;34m=[0m[0;34m[[0m[0;34m'DOB'[0m[0;34m,[0m [0;34m'Zip'[0m[0;34m][0m[0;34m)[0m[0;34m[0m[0;34m[0m[0m
[0m[1;32m      3[0m [0mr[0m[0;34m[[0m[0;34m'Target'[0m[0;34m][0m[0;34m[0m[0;34m[0m[0m

[0;31mNameError[0m: name 'adult_data' is not defined
NameError: name 'adult_data' is not defined

