Traceback (most recent call last):
  File "/usr/local/lib/python3.9/site-packages/jupyter_cache/executors/utils.py", line 58, in single_nb_execution
    executenb(
  File "/usr/local/lib/python3.9/site-packages/nbclient/client.py", line 1112, in execute
    return NotebookClient(nb=nb, resources=resources, km=km, **kwargs).execute()
  File "/usr/local/lib/python3.9/site-packages/nbclient/util.py", line 74, in wrapped
    return just_run(coro(*args, **kwargs))
  File "/usr/local/lib/python3.9/site-packages/nbclient/util.py", line 53, in just_run
    return loop.run_until_complete(coro)
  File "/usr/local/Cellar/python@3.9/3.9.18_2/Frameworks/Python.framework/Versions/3.9/lib/python3.9/asyncio/base_events.py", line 647, in run_until_complete
    return future.result()
  File "/usr/local/lib/python3.9/site-packages/nbclient/client.py", line 553, in async_execute
    await self.async_execute_cell(
  File "/usr/local/lib/python3.9/site-packages/nbclient/client.py", line 857, in async_execute_cell
    self._check_raise_for_error(cell, exec_reply)
  File "/usr/local/lib/python3.9/site-packages/nbclient/client.py", line 760, in _check_raise_for_error
    raise CellExecutionError.from_cell_and_msg(cell, exec_reply_content)
nbclient.exceptions.CellExecutionError: An error occurred while executing the following cell:
------------------
%matplotlib inline
import matplotlib.pyplot as plt
plt.style.use('seaborn-v0_8-whitegrid')
import pandas as pd
import numpy as np
from collections import defaultdict

# Some useful utilities

def laplace_mech(v, sensitivity, epsilon):
    return v + np.random.laplace(loc=0, scale=sensitivity / epsilon)

def gaussian_mech(v, sensitivity, epsilon, delta):
    return v + np.random.normal(loc=0, scale=sensitivity * np.sqrt(2*np.log(1.25/delta)) / epsilon)

def gaussian_mech_vec(v, sensitivity, epsilon, delta):
    return v + np.random.normal(loc=0, scale=sensitivity * np.sqrt(2*np.log(1.25/delta)) / epsilon, size=len(v))

def pct_error(orig, priv):
    return np.abs(orig - priv)/orig * 100.0

def z_clip(xs, b):
    return [min(x, b) for x in xs]

def g_clip(v):
    n = np.linalg.norm(v, ord=2)
    if n > 1:
        return v / n
    else:
        return v
------------------

[0;31m---------------------------------------------------------------------------[0m
[0;31mFileNotFoundError[0m                         Traceback (most recent call last)
[0;32m/usr/local/lib/python3.9/site-packages/matplotlib/style/core.py[0m in [0;36muse[0;34m(style)[0m
[1;32m    120[0m             [0;32mtry[0m[0;34m:[0m[0;34m[0m[0;34m[0m[0m
[0;32m--> 121[0;31m                 [0mrc[0m [0;34m=[0m [0mrc_params_from_file[0m[0;34m([0m[0mstyle[0m[0;34m,[0m [0muse_default_template[0m[0;34m=[0m[0;32mFalse[0m[0;34m)[0m[0;34m[0m[0;34m[0m[0m
[0m[1;32m    122[0m                 [0m_apply_style[0m[0;34m([0m[0mrc[0m[0;34m)[0m[0;34m[0m[0;34m[0m[0m

[0;32m/usr/local/lib/python3.9/site-packages/matplotlib/__init__.py[0m in [0;36mrc_params_from_file[0;34m(fname, fail_on_error, use_default_template)[0m
[1;32m    866[0m     """
[0;32m--> 867[0;31m     [0mconfig_from_file[0m [0;34m=[0m [0m_rc_params_in_file[0m[0;34m([0m[0mfname[0m[0;34m,[0m [0mfail_on_error[0m[0;34m=[0m[0mfail_on_error[0m[0;34m)[0m[0;34m[0m[0;34m[0m[0m
[0m[1;32m    868[0m [0;34m[0m[0m

[0;32m/usr/local/lib/python3.9/site-packages/matplotlib/__init__.py[0m in [0;36m_rc_params_in_file[0;34m(fname, transform, fail_on_error)[0m
[1;32m    795[0m     [0mrc_temp[0m [0;34m=[0m [0;34m{[0m[0;34m}[0m[0;34m[0m[0;34m[0m[0m
[0;32m--> 796[0;31m     [0;32mwith[0m [0m_open_file_or_url[0m[0;34m([0m[0mfname[0m[0;34m)[0m [0;32mas[0m [0mfd[0m[0;34m:[0m[0;34m[0m[0;34m[0m[0m
[0m[1;32m    797[0m         [0;32mtry[0m[0;34m:[0m[0;34m[0m[0;34m[0m[0m

[0;32m/usr/local/Cellar/python@3.9/3.9.18_2/Frameworks/Python.framework/Versions/3.9/lib/python3.9/contextlib.py[0m in [0;36m__enter__[0;34m(self)[0m
[1;32m    118[0m         [0;32mtry[0m[0;34m:[0m[0;34m[0m[0;34m[0m[0m
[0;32m--> 119[0;31m             [0;32mreturn[0m [0mnext[0m[0;34m([0m[0mself[0m[0;34m.[0m[0mgen[0m[0;34m)[0m[0;34m[0m[0;34m[0m[0m
[0m[1;32m    120[0m         [0;32mexcept[0m [0mStopIteration[0m[0;34m:[0m[0;34m[0m[0;34m[0m[0m

[0;32m/usr/local/lib/python3.9/site-packages/matplotlib/__init__.py[0m in [0;36m_open_file_or_url[0;34m(fname)[0m
[1;32m    773[0m             [0mencoding[0m [0;34m=[0m [0;34m"utf-8"[0m[0;34m[0m[0;34m[0m[0m
[0;32m--> 774[0;31m         [0;32mwith[0m [0mopen[0m[0;34m([0m[0mfname[0m[0;34m,[0m [0mencoding[0m[0;34m=[0m[0mencoding[0m[0;34m)[0m [0;32mas[0m [0mf[0m[0;34m:[0m[0;34m[0m[0;34m[0m[0m
[0m[1;32m    775[0m             [0;32myield[0m [0mf[0m[0;34m[0m[0;34m[0m[0m

[0;31mFileNotFoundError[0m: [Errno 2] No such file or directory: 'seaborn-v0_8-whitegrid'

The above exception was the direct cause of the following exception:

[0;31mOSError[0m                                   Traceback (most recent call last)
[0;32m<ipython-input-1-12cf21b193be>[0m in [0;36m<module>[0;34m[0m
[1;32m      1[0m [0mget_ipython[0m[0;34m([0m[0;34m)[0m[0;34m.[0m[0mrun_line_magic[0m[0;34m([0m[0;34m'matplotlib'[0m[0;34m,[0m [0;34m'inline'[0m[0;34m)[0m[0;34m[0m[0;34m[0m[0m
[1;32m      2[0m [0;32mimport[0m [0mmatplotlib[0m[0;34m.[0m[0mpyplot[0m [0;32mas[0m [0mplt[0m[0;34m[0m[0;34m[0m[0m
[0;32m----> 3[0;31m [0mplt[0m[0;34m.[0m[0mstyle[0m[0;34m.[0m[0muse[0m[0;34m([0m[0;34m'seaborn-v0_8-whitegrid'[0m[0;34m)[0m[0;34m[0m[0;34m[0m[0m
[0m[1;32m      4[0m [0;32mimport[0m [0mpandas[0m [0;32mas[0m [0mpd[0m[0;34m[0m[0;34m[0m[0m
[1;32m      5[0m [0;32mimport[0m [0mnumpy[0m [0;32mas[0m [0mnp[0m[0;34m[0m[0;34m[0m[0m

[0;32m/usr/local/lib/python3.9/site-packages/matplotlib/style/core.py[0m in [0;36muse[0;34m(style)[0m
[1;32m    122[0m                 [0m_apply_style[0m[0;34m([0m[0mrc[0m[0;34m)[0m[0;34m[0m[0;34m[0m[0m
[1;32m    123[0m             [0;32mexcept[0m [0mIOError[0m [0;32mas[0m [0merr[0m[0;34m:[0m[0;34m[0m[0;34m[0m[0m
[0;32m--> 124[0;31m                 raise IOError(
[0m[1;32m    125[0m                     [0;34m"{!r} not found in the style library and input is not a "[0m[0;34m[0m[0;34m[0m[0m
[1;32m    126[0m                     [0;34m"valid URL or path; see `style.available` for list of "[0m[0;34m[0m[0;34m[0m[0m

[0;31mOSError[0m: 'seaborn-v0_8-whitegrid' not found in the style library and input is not a valid URL or path; see `style.available` for list of available styles
OSError: 'seaborn-v0_8-whitegrid' not found in the style library and input is not a valid URL or path; see `style.available` for list of available styles

