Traceback (most recent call last):
  File "/usr/local/lib/python3.12/site-packages/jupyter_core/utils/__init__.py", line 154, in wrapped
    asyncio.get_running_loop()
RuntimeError: no running event loop

During handling of the above exception, another exception occurred:

Traceback (most recent call last):
  File "/usr/local/lib/python3.12/site-packages/jupyter_cache/executors/utils.py", line 58, in single_nb_execution
    executenb(
  File "/usr/local/lib/python3.12/site-packages/nbclient/client.py", line 1319, in execute
    return NotebookClient(nb=nb, resources=resources, km=km, **kwargs).execute()
           ^^^^^^^^^^^^^^^^^^^^^^^^^^^^^^^^^^^^^^^^^^^^^^^^^^^^^^^^^^^^^^^^^^^^^
  File "/usr/local/lib/python3.12/site-packages/jupyter_core/utils/__init__.py", line 158, in wrapped
    return loop.run_until_complete(inner)
           ^^^^^^^^^^^^^^^^^^^^^^^^^^^^^^
  File "/usr/local/Cellar/python@3.12/3.12.2_1/Frameworks/Python.framework/Versions/3.12/lib/python3.12/asyncio/base_events.py", line 685, in run_until_complete
    return future.result()
           ^^^^^^^^^^^^^^^
  File "/usr/local/lib/python3.12/site-packages/nbclient/client.py", line 709, in async_execute
    await self.async_execute_cell(
  File "/usr/local/lib/python3.12/site-packages/nbclient/client.py", line 1062, in async_execute_cell
    await self._check_raise_for_error(cell, cell_index, exec_reply)
  File "/usr/local/lib/python3.12/site-packages/nbclient/client.py", line 918, in _check_raise_for_error
    raise CellExecutionError.from_cell_and_msg(cell, exec_reply_content)
nbclient.exceptions.CellExecutionError: An error occurred while executing the following cell:
------------------
%matplotlib inline
from mplfonts.bin.cli import init
init()
from mplfonts import use_font
use_font('SimHei')
import matplotlib.pyplot as plt
# plt.style.use('seaborn-v0_8-whitegrid')
plt.style.use('fivethirtyeight')
import pandas as pd
import numpy as np
from collections import defaultdict

# 一些有用的工具函数

def laplace_mech(v, sensitivity, epsilon):
    return v + np.random.laplace(loc=0, scale=sensitivity / epsilon)

def gaussian_mech(v, sensitivity, epsilon, delta):
    return v + np.random.normal(loc=0, scale=sensitivity * np.sqrt(2*np.log(1.25/delta)) / epsilon)

def gaussian_mech_vec(v, sensitivity, epsilon, delta):
    return v + np.random.normal(loc=0, scale=sensitivity * np.sqrt(2*np.log(1.25/delta)) / epsilon, size=len(v))

def pct_error(orig, priv):
    return np.abs(orig - priv)/orig * 100.0

def z_clip(xs, b):
    return [min(x, b) for x in xs]

def g_clip(v):
    n = np.linalg.norm(v, ord=2)
    if n > 1:
        return v / n
    else:
        return v
------------------


[31m---------------------------------------------------------------------------[39m
[31mModuleNotFoundError[39m                       Traceback (most recent call last)
[36mCell[39m[36m [39m[32mIn[1][39m[32m, line 2[39m
[32m      1[39m get_ipython().run_line_magic([33m'[39m[33mmatplotlib[39m[33m'[39m, [33m'[39m[33minline[39m[33m'[39m)
[32m----> [39m[32m2[39m [38;5;28;01mfrom[39;00m[38;5;250m [39m[34;01mmplfonts[39;00m[34;01m.[39;00m[34;01mbin[39;00m[34;01m.[39;00m[34;01mcli[39;00m[38;5;250m [39m[38;5;28;01mimport[39;00m init
[32m      3[39m init()
[32m      4[39m [38;5;28;01mfrom[39;00m[38;5;250m [39m[34;01mmplfonts[39;00m[38;5;250m [39m[38;5;28;01mimport[39;00m use_font

[31mModuleNotFoundError[39m: No module named 'mplfonts'

